[backblue.gif]
[fade.gif]
[index.html]
[gomequipment.com/Site/images/favicon.png]
[maxcdn.bootstrapcdn.com/font-awesome/4.1.0/css/font-awesome.min.css]
[ajax.googleapis.com/ajax/libs/jquery/1.11.0/jquery.min.js]
[code.jquery.com/jquery-migrate-1.2.1.js]
[www.google-analytics.com/analytics.js]
[gomequipment.com/Library/sliders/fullscreen-slider/images/01.jpg]
[gomequipment.com/Library/sliders/fullscreen-slider/images/02.jpg]
[gomequipment.com/Library/sliders/fullscreen-slider/images/03.jpg]
[gomequipment.com/Library/sliders/fullscreen-slider/images/04.jpg]
[gomequipment.com/Library/sliders/fullscreen-slider/images/05.jpg]
[gomequipment.com/Library/sliders/fullscreen-slider/js/modernizr.custom.79639.js]
[gomequipment.com/Library/sliders/fullscreen-slider/js/jquery.ba-cond.min.js]
[gomequipment.com/Library/sliders/fullscreen-slider/js/jquery.fs-slider.js]
[gomequipment.com/Site/graphics/GOM_Equipment_Logo.png]
[gomequipment.com/Library/components/feature-boxes/images/fb-1.png]
[gomequipment.com/Library/components/feature-boxes/images/fb-2.png]
[gomequipment.com/Library/components/feature-boxes/images/fb-5.png]
[gomequipment.com/Library/components/feature-boxes/images/fb-3.png]
[gomequipment.com/Site/images/starr_logo.jpg]
[gomequipment.com/Site/images/shot-peen.png]
[gomequipment.com/Site/images/b-a-rebuilt.png]
[gomequipment.com/Site/javascript/bootstrap.min.js]
[gomequipment.com/Site/javascript/special_functions.js]
[gomequipment.com/Site/javascript/waypoints.js]
[gomequipment.com/Site/javascript/animations.js]
[gomequipment.com/Site/javascript/headhesive.js]
[gomequipment.com/index.html]
[gomequipment.com/Site/styles/app/fonts/glyphicons-halflings-regular.eot]
[gomequipment.com/Site/styles/app/fonts/glyphicons-halflings-regulard41d.eot]
[gomequipment.com/Site/styles/app/fonts/glyphicons-halflings-regular.woff]
[gomequipment.com/Site/styles/app/fonts/glyphicons-halflings-regular.ttf]
[gomequipment.com/Site/styles/bootstrap/bootstrap.css]
[gomequipment.com/Site/graphics/h1-bg.png]
[gomequipment.com/Site/graphics/section1-bg.jpg]
[gomequipment.com/Site/graphics/section1-top-left.png]
[gomequipment.com/Site/graphics/section1-bottom-right.png]
[gomequipment.com/Site/themed-images/parallax-backgrounds/images/parallax1-bg.jpg]
[gomequipment.com/Site/graphics/dots.png]
[gomequipment.com/Site/themed-images/parallax-backgrounds/images/parallax2.jpg]
[gomequipment.com/Site/themed-images/parallax-backgrounds/images/parallax3.jpg]
[gomequipment.com/Site/graphics/dark-bg.jpg]
[gomequipment.com/Site/graphics/footer-top-right.png]
[gomequipment.com/Site/styles/backgrounds.css]
[gomequipment.com/Site/graphics/menu-top.png]
[gomequipment.com/Site/graphics/menu-bottom.png]
[gomequipment.com/Site/graphics/menu-side-down-arrow.png]
[gomequipment.com/Site/styles/menubar.css]
[gomequipment.com/Site/styles/fonts/bebas/BEBAS___-webfont.eot]
[gomequipment.com/Site/styles/fonts/bebas/BEBAS___-webfontd41d.eot]
[gomequipment.com/Site/styles/fonts/bebas/BEBAS___-webfont.woff]
[gomequipment.com/Site/styles/fonts/bebas/BEBAS___-webfont.ttf]
[gomequipment.com/Site/styles/fonts/buxton/buxtonsketch-webfont.eot]
[gomequipment.com/Site/styles/fonts/buxton/buxtonsketch-webfontd41d.eot]
[gomequipment.com/Site/styles/fonts/buxton/buxtonsketch-webfont.woff]
[gomequipment.com/Site/styles/fonts/buxton/buxtonsketch-webfont.ttf]
[gomequipment.com/Site/graphics/body-bg.jpg]
[gomequipment.com/Site/graphics/website-name-bg.png]
[gomequipment.com/Site/graphics/google-search-bg.png]
[gomequipment.com/Site/graphics/search-btn.png]
[gomequipment.com/Site/graphics/search-btn-hover.png]
[gomequipment.com/Site/graphics/scrollUp-button.png]
[gomequipment.com/Site/styles/styles.css]
[gomequipment.com/Site/styles/bootstrap/lm-bootstrap.css]
[maxcdn.bootstrapcdn.com/font-awesome/4.1.0/css/font-awesome.min.css]
[gomequipment.com/Site/styles/bootstrap/animate.css]
[gomequipment.com/Site/styles/animations.css]
[gomequipment.com/Site/graphics/contact-panel-open.png]
[gomequipment.com/Library/components/contact-panel/css/contact-panel.css]
[gomequipment.com/Site/graphics/fs-prev-arrow.png]
[gomequipment.com/Site/graphics/fs-next-arrow.png]
[gomequipment.com/Site/graphics/vert-line.png]
[gomequipment.com/Site/graphics/horizontal-line.png]
[gomequipment.com/Site/graphics/diagonal-right.png]
[gomequipment.com/Site/graphics/diagonal-left.png]
[gomequipment.com/Site/graphics/dot-dark.png]
[gomequipment.com/Site/graphics/dot-light.png]
[gomequipment.com/Site/graphics/top-shadow.png]
[gomequipment.com/Library/sliders/fullscreen-slider/css/fs-slider.css]
[gomequipment.com/Site/graphics/gom_logo_thumb.png]
[gomequipment.com/Site/graphics/starr-logo_thumb.png]
[gomequipment.com/Site/graphics/vektor-logo-thumb.png]
[gomequipment.com/Site/images/follow-rainbows-gom.jpg]
[gomequipment.com/about.html]
[gomequipment.com/contact.html]
[gomequipment.com/Site/graphics/starr-logo.png]
[gomequipment.com/Site/graphics/vektor-equip.png]
[gomequipment.com/Site/graphics/vektor_lift.png]
[gomequipment.com/vendors.html]
[gomequipment.com/Site/images/rebuilt-power-tongs-cforbes.png]
[gomequipment.com/reman-power-tongs.html]
[gomequipment.com/Site/images/met-fin-service.jpg]
[gomequipment.com/services.html]
[gomequipment.com/sitemap.html]
[gomequipment.com/privacy.html]
[gomequipment.com/Site/themed-images/vendors/gom/h4_360x270.jpg]
[gomequipment.com/Site/themed-images/vendors/gom/h6_360x270.jpg]
[gomequipment.com/inventory-gom-equipment.html]
[gomequipment.com/Site/themed-images/vendors/vektor/inv2-360x270.jpg]
[gomequipment.com/Site/themed-images/vendors/vektor/inv360x270.jpg]
[gomequipment.com/Site/themed-images/vendors/vektor/inv3-360x270.jpg]
[gomequipment.com/inventory-vektor-equipment.html]
[gomequipment.com/Site/images/b-a-rebuilt.jpg]
[gomequipment.com/Site/images/shot-peen.jpg]
[gomequipment.com/Site/images/empty360x302.png]
[gomequipment.com/inventory-rebuilt.html]
[gomequipment.com/Site/themed-images/used-equip/generator-0515.jpg]
[gomequipment.com/Site/themed-images/used-equip/tongs2-0515.jpg]
[gomequipment.com/Site/themed-images/used-equip/tongs-0515.jpg]
[gomequipment.com/inventory-used.html]
[netdna.bootstrapcdn.com/font-awesome/4.0.0/css/font-awesome.css]
[ajax.googleapis.com/ajax/libs/jquery/1.7.2/jquery.min.js]
[gomequipment.com/Library/sliders/supersized-slideshow/js/jquery.easing.min.js]
[gomequipment.com/Library/sliders/supersized-slideshow/js/supersized.3.2.7.min.js]
[gomequipment.com/Library/sliders/supersized-slideshow/theme/supersized.shutter.min.js]
[gomequipment.com/Library/sliders/supersized-slideshow/img/bg-black.png]
[gomequipment.com/Library/sliders/supersized-slideshow/img/pause.png]
[gomequipment.com/Library/sliders/supersized-slideshow/img/button-tray-up.png]
[gomequipment.com/products-gallery.html]
[gomequipment.com/Site/graphics/feature-box-bg.png]
[gomequipment.com/Library/components/feature-boxes/css/feature-boxes.css]
[gomequipment.com/Site/styles/app/fonts/glyphicons-halflings-regular.svg]
[gomequipment.com/Site/styles/fonts/bebas/BEBAS___-webfont.svg]
[gomequipment.com/Site/styles/fonts/buxton/buxtonsketch-webfont.svg]
[gomequipment.com/inventory-gom-equipment-2.html]
[gomequipment.com/inventory-gom-equipment-3.html]
[gomequipment.com/Library/sliders/product-carousel/css/product-carousel.css]
[netdna.bootstrapcdn.com/font-awesome/4.0.0/css/font-awesome.css]
[gomequipment.com/Library/sliders/supersized-slideshow/img/progress.gif]
[gomequipment.com/Library/sliders/supersized-slideshow/css/supersized.css]
[gomequipment.com/Library/sliders/supersized-slideshow/img/nav-bg.png]
[gomequipment.com/Library/sliders/supersized-slideshow/img/bg-hover.png]
[gomequipment.com/Library/sliders/supersized-slideshow/img/back.png]
[gomequipment.com/Library/sliders/supersized-slideshow/img/forward.png]
[gomequipment.com/Library/sliders/supersized-slideshow/img/nav-dot.png]
[gomequipment.com/Library/sliders/supersized-slideshow/img/progress-back.png]
[gomequipment.com/Library/sliders/supersized-slideshow/img/progress-bar.png]
[gomequipment.com/Library/sliders/supersized-slideshow/img/thumb-back.png]
[gomequipment.com/Library/sliders/supersized-slideshow/img/thumb-forward.png]
[gomequipment.com/Library/sliders/supersized-slideshow/theme/supersized.shutter.css]
