[www.materiavita.com/index.html]
[backblue.gif]
[fade.gif]
[index.html]
[framerusercontent.com/images/UzECME3WyFyIRyrX1zeWb7eQMDQ.png]
[www.materiavita.com/about.html]
[www.materiavita.com/projects.html]
[www.materiavita.com/material.html]
[www.materiavita.com/makers.html]
[www.materiavita.com/contact.html]
[framerusercontent.com/images/OvyIWOTuvFzsm9wGJ0G9XcttEc65e.png]
[www.materiavita.com/projects/four-seasons-hotel-resortâdoha-qatar.7.delayed]
[framerusercontent.com/images/rbPaw3dTQ5RziQa2HBvTHDH54495e.jpg]
[framerusercontent.com/images/W6OL5eFSljgASBOo72RnoLVifwkc65e.png]
[framerusercontent.com/images/zxxAxW9SOdBmYWm1C7Ar2oUpOwk6955.png]
[framerusercontent.com/images/MBF5DBMpmD8P2BNyRWDWJzpizxEbf71.png]
[framerusercontent.com/images/EHl8lSV7KmexcGDZisCJk3sTdr4bf71.png]
[framerusercontent.com/images/AZaYz9N4j3zJUlLEN8BOUQhBEp0d3df.png]
[framerusercontent.com/images/ZfAetBSHqNPhFR2jrkOrZzfBl5g8c38.png]
[framerusercontent.com/images/7DmpmIEbdeBJX57YYyzixIT7hpk8c38.png]
[framerusercontent.com/images/p75JZypY7vWvVzbtvPpM5FS04hMd3df.png]
[framerusercontent.com/images/NeafldOCHvLvLfyQanIPuv3x2448c38.png]
[framerusercontent.com/images/A2s85f9VkItlK51dINYtcvyBXj48c38.png]
[framerusercontent.com/images/bki7PcEKqTiDBqq9E3kXp87mjPQ6955.png]
[framerusercontent.com/images/UcNskmoFE0NoaBBfzeZ3yMmBTwbf71.png]
[framerusercontent.com/images/E5bznSL9oSCqn1yhkIeJ9kBzYcd3df.png]
[framerusercontent.com/images/eLpujk1AVxRKLMmwc5dB7Acr3k8c38.png]
[framerusercontent.com/images/aY3zWQ6oDo6iVawOk18rU7MakN8d3df.png]
[framerusercontent.com/images/SP2xck7qphSYYLM6dDUBg3j48dk8c38.png]
[framerusercontent.com/images/w6wvHHFsMbNJnPsZawkfyyHxqw6955.png]
[framerusercontent.com/images/0SWymlfxzuqiKMoe6RM7GdSzQbf71.png]
[framerusercontent.com/images/wSffP57z301Q22ab6AK89IFM45Ad3df.png]
[framerusercontent.com/images/wVvEWSZiASdgQVFNPSlbaGYjU8c38.png]
[framerusercontent.com/images/OR1NoHO4XQ8nALyX6iB2h5Htz1Aeadf.jpg]
[framerusercontent.com/images/HiVgznl1BLIx29FxvmOBfl5Yh8eadf.jpg]
[framerusercontent.com/images/qk3RKVRUBLF1VaEfU0Br0bVrmweadf.jpg]
[framerusercontent.com/images/WyeL3DfAPHlcnitIpwVlck4pEIeadf.jpg]
[framerusercontent.com/images/cZk2uu1nq7NyAd89h8qCNaQXy8eadf.jpg]
[framerusercontent.com/images/KIQR0QjEvqZ5v8681KcW5voIsNIeadf.jpg]
[framerusercontent.com/images/BIOmHIiCVCpFA0yBttmidNEBhoQeadf.jpg]
[www.materiavita.com/projects/rumiâs-kitchen-colony-square-atlanta-usa.24.delayed]
[framerusercontent.com/images/0EqNPHrQJwwaJaHUmPWGHFbR1Fwafe5.jpg]
[www.materiavita.com/projects/sesamo-restaurant-the-royal-mansour-marrakech-hotel-morocco.html]
[framerusercontent.com/images/34xE2A5HdBZUHID6HHlWR641UE8e150.jpg]
[framerusercontent.com/images/V4DI63pU3ZQdQH0whAZFx1pQPoU05f7.png]
[framerusercontent.com/images/26tMTSJsx8BCt8qyzoggImBD003bc.png]
[framerusercontent.com/images/Wyv2qxgjKlWyJL3SQ3WHzhQ0kc848.png]
[framerusercontent.com/images/HwDhDifiPMOY695ogSbQRuhn1kd9a2.png]
[framerusercontent.com/images/dDhWkAmvvwr7cSp3mfHAISBUI1faa.png]
[framerusercontent.com/images/ipY8SZdavby8vWBStuVJzxXFuFw55b8.png]
[framerusercontent.com/images/IGa4zFnb0PqlMEPq5eFbOC7Z01c21.png]
[framerusercontent.com/images/nipRCKrjCP4QpDXD0tMI0WHzWKY78ab.png]
[framerusercontent.com/images/jY6t1zVRwpS4WKdKS217no7vFH890d7.png]
[www.materiavita.com/projects/panerai-firenze-italy.html]
[framerusercontent.com/images/sc2x0l6iBJYUmBH2XLpgjuWqcc56b.jpg]
[www.materiavita.com/projects/contemporary-and-eclectic.html]
[framerusercontent.com/images/auTg3iistdJYiqgeISgDngDwgA7026.jpg]
[www.materiavita.com/projects/os-house.html]
[framerusercontent.com/images/ezYfSKWOBQfThchw0ScbS39j95U481d.png]
[framerusercontent.com/images/ru9GIV1rsYcwcrUCbPwm9Gjt6s2e1a.png]
[framerusercontent.com/images/dO4PXVaREGN5XCPrcC5asc8Uh1Ab92e.png]
[framerusercontent.com/images/Prk4AVc4Iquf6VLBCsENi2KiGI5cc8.png]
[framerusercontent.com/images/x5ROFAZQvUF39aLBwpSggRlSg1dbc.png]
[framerusercontent.com/images/hDqDNkiv4CbqfmKe3I7lkXDeYg3e32.png]
[framerusercontent.com/images/Z5vbfLNFB6zGqJhvZm5q3tOFWYce63.png]
[framerusercontent.com/images/9tLwlUxaCT7Bq2k79Wqjo7hr0XEa6b3.png]
[framerusercontent.com/images/ox4iqBvQ2pK1hHNCFEpxbvv3qtg69e1.png]
[framerusercontent.com/images/aFki9BB4Hdf5iRda6qJv81dmVMQeac1.png]
[framerusercontent.com/images/ooOuLfzARG1au0XPga1RJHP27Ss871d.png]
[framerusercontent.com/images/te7fIbqzrW8dBsUgFIO1RolfiMc8f9.png]
[framerusercontent.com/images/5KaQoruzDh2aaaPOgQ9p4mEPb0c65e.png]
[framerusercontent.com/images/rbPaw3dTQ5RziQa2HBvTHDH549919.jpg]
[framerusercontent.com/images/auTg3iistdJYiqgeISgDngDwgA6883.jpg]
[framerusercontent.com/images/0EqNPHrQJwwaJaHUmPWGHFbR1Fw3ee4.jpg]
[framerusercontent.com/images/34xE2A5HdBZUHID6HHlWR641UE8b1a2.jpg]
[framerusercontent.com/images/V4DI63pU3ZQdQH0whAZFx1pQPoU83a9.png]
[framerusercontent.com/images/26tMTSJsx8BCt8qyzoggImBD09a09.png]
[framerusercontent.com/images/Wyv2qxgjKlWyJL3SQ3WHzhQ0k7133.png]
[framerusercontent.com/images/HwDhDifiPMOY695ogSbQRuhn1kaf1d.png]
[framerusercontent.com/images/dDhWkAmvvwr7cSp3mfHAISBUI5acc.png]
[framerusercontent.com/images/ipY8SZdavby8vWBStuVJzxXFuFwf269.png]
[framerusercontent.com/images/IGa4zFnb0PqlMEPq5eFbOC7Z06424.png]
[framerusercontent.com/images/nipRCKrjCP4QpDXD0tMI0WHzWKY4f46.png]
[framerusercontent.com/images/jY6t1zVRwpS4WKdKS217no7vFH8a02c.png]
[www.materiavita.com/index.html]
[framerusercontent.com/images/KGGMwLV8WAqrCoxZacph5Hn8iEa20e.png]
[framerusercontent.com/images/xYTo0Vf3ocjPVByD1CbYxXve5xM5e89.png]
[framerusercontent.com/images/ze56dlHjU74NpA8DowXmWVqrP9wc00b.png]
[framerusercontent.com/images/nSafGqIQPF1nxfbW4ECU2vw8UUfd8d.png]
[framerusercontent.com/images/o4k1wfwxUnmWzImnIdLl40USuE8c38.png]
[www.materiavita.com/about.html]
[framerusercontent.com/images/RBz9LgTbS3lENnaW94gYDhI1gQc65e.png]
[www.materiavita.com/projects/hotel-six-senses-rome.html]
[framerusercontent.com/images/dlbT112IwzDqVjgXrHYrlZYd83w2343.jpg]
[www.materiavita.com/projects/masami.html]
[framerusercontent.com/images/wuOgMJHr3LvXLxUI06LQlLd3lis4e8e.png]
[www.materiavita.com/projects/wall-covering.html]
[framerusercontent.com/images/daviWE9FPhOnCk4glw11VbfAtSU738b.png]
[www.materiavita.com/projects/pieropan-soave.html]
[framerusercontent.com/images/8Xk8UEPLKrZsR5Fg9vm5MCovYc1d1.png]
[framerusercontent.com/images/dlbT112IwzDqVjgXrHYrlZYd83wde81.jpg]
[framerusercontent.com/images/wuOgMJHr3LvXLxUI06LQlLd3lis3439.png]
[framerusercontent.com/images/daviWE9FPhOnCk4glw11VbfAtSU3c03.png]
[framerusercontent.com/images/8Xk8UEPLKrZsR5Fg9vm5MCovY222c.png]
[www.materiavita.com/projects.html]
[framerusercontent.com/images/9Eqg7W1OtJvjejmzXeO2IqD5aQ20e6.png]
[framerusercontent.com/images/wlY34QGBuQDjiDX4ez3cZcs6qmU3a79.png]
[framerusercontent.com/images/ZWM3g4MbI64PDLetsp6nGf7YvKg3a79.png]
[framerusercontent.com/images/lpGLZiv2IC4OlBEJgArWfmwmKps20e6.png]
[framerusercontent.com/images/sdnR4kvujhkYQlEQCKOwsendfs20e6.png]
[framerusercontent.com/images/IEMrdfP1NkhyjNhLjC3pW3dwPSU3a79.png]
[framerusercontent.com/images/SA30GresKm8OWkMnp4yKuJ1PWLs20e6.png]
[framerusercontent.com/images/lgx2pdCCsxTEqnonnUFnMeYd1UI20e6.png]
[framerusercontent.com/images/CTaNryaOg4WqfmbLZhGwO8jZs20e6.png]
[framerusercontent.com/images/e1IYK5EAVuCY2FVtQO0wI4O3R420e6.png]
[framerusercontent.com/images/gJOUUqc3r8YStmFmrjmTnROUpIUfe77.png]
[framerusercontent.com/images/89y1pnOF68neOFq4fzkAeohZf8196a.png]
[framerusercontent.com/images/tmL8wTCwzpt31fmVQm83grjiJQ4927.png]
[framerusercontent.com/images/YF318ivMAbwZU0TAU2aHnWfUZM91a8.png]
[framerusercontent.com/images/M1A9UAjuOQ6BCsTJcU9ll2yyI20d7.png]
[framerusercontent.com/images/mAx0zc5D0ztnjGSyAcxQJkNyjy4686c.png]
[framerusercontent.com/images/EljHkJAGzxZP09LbKDEBKGp9zc1cd6.png]
[framerusercontent.com/images/DbYRsAP2maP8sisXa4yTKqJ8dIM4770.png]
[framerusercontent.com/images/tuXqEWPjzFG7mpRp3Yi2L8SDXW4a7d4.png]
[framerusercontent.com/images/vJ2TFlGQ03Qo39IReslQUOdTVGI30fa.png]
[framerusercontent.com/images/7GjxAJ2QZLnZeOn3DfdGnMJ5u82d50.png]
[framerusercontent.com/images/eACjWDvKUaVIxd3hrqb5tIh6fnoc2a6.png]
[framerusercontent.com/images/2z1GW2cg1JNPI4mdS3fCZmE7c3b.png]
[framerusercontent.com/images/sWX8Bj6XywDzUgoSyisC7x2KZccba3.png]
[framerusercontent.com/images/PNJjhlbw2mbCEj3xGspzkAcubiAec8e.png]
[framerusercontent.com/images/c9bYPKCefiVtj6LbDlRoS3FdHA06f5.png]
[framerusercontent.com/images/cDnFzmRMNwq9cwPKdX1jgFZvQ8960.png]
[framerusercontent.com/images/u2Ro6YqNWaBlGcidTayiNpXiY9409.png]
[framerusercontent.com/images/xrVaaiqNbFTG4WFmJeLvGQeRbX07e3e.png]
[framerusercontent.com/images/rZvhwiNUv1XXlVatfFpYoziOha4af18.png]
[framerusercontent.com/images/4yLQ4zWaD3mMa5B522E7dWMprs491e.png]
[framerusercontent.com/images/t80O9ne70mQwoAOvL5dpXXbFSIM0e53.png]
[framerusercontent.com/images/mzLQTv0Vk9Wvuz0nRirxfh431I9fdd.png]
[framerusercontent.com/images/k5JoxYNtQLeHHiOK3oV6bfDDVz82e25.png]
[framerusercontent.com/images/ey0Y1KZ0yRcgHKjXRJTdbuBPQzoc5e2.png]
[framerusercontent.com/images/7o5Taz7MstyOjjIHmbRJYXuj16Q491d.png]
[framerusercontent.com/images/pPsuwJLPujXyLjQpnTNZ5Io5RMe502.png]
[framerusercontent.com/images/2daJyt7wPXAdssbS2oxHzkFHw0584.png]
[framerusercontent.com/images/r1dGvZENJ3DxotsbxGev3hjMFs4f71.png]
[framerusercontent.com/images/Kt3CXYjf11ATtrOXW4GPocLxtL4470e.png]
[framerusercontent.com/images/rF0RDGcLHTyO63Qwv6J4AgjVlXQf3b0.png]
[framerusercontent.com/images/VtkTZQXvnYHLrrx4Toj4RHplS2Yd6ca.png]
[framerusercontent.com/images/v45OpsTmWvpsM4SyiP7EFmijro943d.jpg]
[framerusercontent.com/images/ya0JWi8FRtO5cFHrkxJZWmhqygd526.jpg]
[framerusercontent.com/images/3rQtt0g67aix4Lec9NeCo0Jr0PYd526.jpg]
[framerusercontent.com/images/JPtS5ai6al9gAiYdIecVYTM75xw09ce.jpg]
[framerusercontent.com/images/AKuWGMLCuhc5UfHl7RhGjESojOs09ce.jpg]
[framerusercontent.com/images/vFyMHQ9EJlVic4HpH9AtMR2F0e076.png]
[framerusercontent.com/images/xgbHHdtyve2ILWdu8GlnjTk7Uhce9bd.png]
[framerusercontent.com/images/uEQncdddYpjOnNNWW0FRMMayQpU997b.png]
[framerusercontent.com/images/Pnsegx1rFTk0kd5jOknPwPORj0cff3b.png]
[framerusercontent.com/images/9goAYkMDPFklVGvAUrpgPyxU8bw79a7.png]
[framerusercontent.com/images/fhehHm1rOFBR8iwoeXk18rnu083d7.png]
[framerusercontent.com/images/jctuuG9aoFttHQwIpaKJelVzkg2582.png]
[framerusercontent.com/images/naWnV91PtEzn6VG3vv2K2RBFMd82c.png]
[framerusercontent.com/images/MtjgfZPmEhAzP8ZqM20uubZVSB85382.png]
[framerusercontent.com/images/dnzb5Rkt2PMz4bo2IM31vwWEQhQ42bc.png]
[framerusercontent.com/images/7UkfTlwDI6hSh9lGpS92uNIZK1o5b85.png]
[framerusercontent.com/images/259s5BGJJU6bmN8unnXAiMyfM97da.png]
[framerusercontent.com/images/PEozKhvrXyJsphpbp98hmFprTu49bce.png]
[framerusercontent.com/images/Ra9Kdwo1Wkxkh0lgdbFPMEToToe7cc.png]
[framerusercontent.com/images/rU53yRjVSG4hHkY5fsZdSGwd7uE1b5d.png]
[framerusercontent.com/images/o9uYTDEOgLUSso5iuDzPP6DqEU2601.png]
[framerusercontent.com/images/NnRFfXf0h5j9jsDkuRi0tdF49o16e7.png]
[framerusercontent.com/images/G9QjAd9C26DIrreyvhDj6RVzzBUbb43.png]
[framerusercontent.com/images/kFVkiutHYvRuL7ymXmbTNWbE8b342.png]
[framerusercontent.com/images/VCrNZlIbD25k5o6EYY9ZgRhrPr4d5b2.png]
[framerusercontent.com/images/dwx2f0o0HqmpMFsYFDvT0j5qg6c1e.png]
[framerusercontent.com/images/L15fCmGl8D4MtbSRMWNT1WA821c5.png]
[framerusercontent.com/images/8mqWr3Vwe6IG5Vrb9DekZke55Lg82f0.png]
[framerusercontent.com/images/FZTS6Bz9u4ihWPkt0S5T9kGagEsa21e.png]
[framerusercontent.com/images/gtqaU9nBK2KNRBWvTEVYJu4bpQ68f5.png]
[framerusercontent.com/images/AT4LbYAwxjzFuoiQpLF9jDrBg09c5.png]
[framerusercontent.com/images/j9qUSqB3TsHewakECEurc1lJk3a56.png]
[framerusercontent.com/images/qnctN4DHToQviZmEZCZofFRIf431c5.png]
[framerusercontent.com/images/hn1ZdDWWBwSefL24IUtuSufksq878d7.png]
[framerusercontent.com/images/iGbSr7EBi0X0B3dIJIIJmLViAcd8d.png]
[framerusercontent.com/images/HSD6Pq3COIvTBnpYCNIXEWz0ykb17e.png]
[framerusercontent.com/images/2AB3UDDYToKjvUqNnYPwV1KF0Xo1156.png]
[framerusercontent.com/images/5LlGH2yUfcVOQy7ywLRIzmnBbPQf4c5.png]
[framerusercontent.com/images/mJtlW7MSL6G2a8jiLIlmSxmNnQI02be.png]
[framerusercontent.com/images/baMxJ9ll3YwpNi9iIG9FT7jP2E461d1.png]
[framerusercontent.com/images/87htrYy5GVhCPMDkSC6bOUrY68d6.png]
[framerusercontent.com/images/faalKwj1JX2qpGcvoTMwVknEkQ8445.png]
[framerusercontent.com/images/f1cEkH3xwOUXuJG5YQwAuySiHId18f.png]
[framerusercontent.com/images/sYuYk8JNxAP5z0gqFZdofBzxJYdc65.png]
[framerusercontent.com/images/QUQOC2OpA0Hz0XGs9iKN42shzPI99e1.png]
[framerusercontent.com/images/7gfUUoKEq8e3B3pbe4RppFyGaM4cff.png]
[framerusercontent.com/images/aVX6wLApRA1zlbRcXKPEFo48k5e5d.png]
[framerusercontent.com/images/jVX8blB8NQmfQjqqFgNFlmJ3IG8c489.png]
[framerusercontent.com/images/a1f5FPnqaWMBn9YnG1k6tFJg62Y48f2.png]
[framerusercontent.com/images/w52yVC26b4VbQjtxQ7CJ3VbQEgU7d12.png]
[framerusercontent.com/images/MXUiU31IfcIhQl0YlSHK94KEfse8bb.png]
[framerusercontent.com/images/Jdrf6WHOAs4dzjEfQyVTux1CbxY484b.png]
[framerusercontent.com/images/QlKFhxFOxxJ5F5uKReKPa50kYE1b29.png]
[framerusercontent.com/images/j8CQ5yL9B2m0QrPgDb8I2usgfbf0.png]
[framerusercontent.com/images/Z8dSGqSXqZGpCvXDEwbJBJ3qNGk9ccc.png]
[framerusercontent.com/images/fZZ7xTEqh3Wfp6j3lMG0hW4ys3f27.jpg]
[framerusercontent.com/images/W4l8iP5Bp0K53eKWqtt8yhY7P3M95a5.jpg]
[framerusercontent.com/images/rLOMfc48P1DBix6qYiZOcNnS01w7546.png]
[framerusercontent.com/images/WOJJo4D9kisPuwDedxReZLpqWAe602.png]
[framerusercontent.com/images/xGmQXB9sVr9KXpKYVzGqJmEl6E7deb.png]
[framerusercontent.com/images/oPHKlUaByljzpckbjyW2l9uvvaw0573.png]
[framerusercontent.com/images/DOUMW44NLrWfoh15NcJEmEHlfG8a8df.png]
[framerusercontent.com/images/NCBOqEtu3wdIEC8P6E3APB2DLU179d.png]
[framerusercontent.com/images/QCGN3U9vQtbcmVm93CocOgO8OcM2a22.png]
[framerusercontent.com/images/52XdEWszUPXCVcLESnkOixcsf871.png]
[framerusercontent.com/images/LkJ70XgiJwebkI0WDQczHAHsZY9988.png]
[framerusercontent.com/images/xUD0crBIfUTTIUPBdZYDwIXQoe04267.png]
[framerusercontent.com/images/bUOErf5o02DW5ApedGx2ivF8R7g97f3.png]
[framerusercontent.com/images/iCOwIegyJvC0OVXYdGVDM9BwcFY00d7.png]
[framerusercontent.com/images/PAoBTiIS6kQ1SbiZJSKdvo9RU2wac2a.png]
[framerusercontent.com/images/qoczH0IddcFfcB4biMdk7QVBoPkaae6.png]
[framerusercontent.com/images/utdbq1gqMHIVEmo2aTWxDrbCJQ3a94.png]
[framerusercontent.com/images/Vqovh9fuBwa9ZpSB9cQkP1JQ5G00692.png]
[framerusercontent.com/images/fedqwXuy4ZAeiel9Ia333EwJc4765.png]
[framerusercontent.com/images/wf57BSRoGIEHh4vzv6DUOlBrUL8ec4a.png]
[framerusercontent.com/images/8qFrFKlzJeYmDCVjRM5ZFfGI47327.png]
[framerusercontent.com/images/Zdru22ycj4uICTBJzCCHpqR5A3866.png]
[framerusercontent.com/images/iXP6UkAeAgBiiqopzy3rz5lijQ48e8.png]
[framerusercontent.com/images/iHDRELVrfP6C9yfUJzIemE35A829e6.png]
[framerusercontent.com/images/RNdU4dsITiBcEkLsunZonB3Ziigf1c5.png]
[framerusercontent.com/images/PLZ34c79uBYtTx1bPVw2tOqxao6eaa.jpg]
[framerusercontent.com/images/PFNsbESOp77jFXiw1jTj8zD2Q9d21.jpg]
[framerusercontent.com/images/ZM2BPAiNQLLZ1HUUxXUMDJ3wc6eaa.jpg]
[framerusercontent.com/images/DUhPj6YLr4dZPKXnvd8mohQjcE8d4a.jpg]
[framerusercontent.com/images/6HrpdJQvUa6vSA9GMT8mxIBioeb93.png]
[framerusercontent.com/images/3dnTcGSO94aPPjuAuIVSbSJWk7E41e0.png]
[framerusercontent.com/images/FXmOi2l7sAfSbDAqLTCmhMjrZJ48719.png]
[framerusercontent.com/images/u1PxM7oBHiwMgiG0SXDZN1yCds8cd5e.png]
[framerusercontent.com/images/uUd4qN7GGqZUFywl0ClIzYX4rw1cd3.png]
[framerusercontent.com/images/dBwScwgEjudclfBDNwA15SnVL8Qe3ba.png]
[framerusercontent.com/images/BpwI2JzsscCPmj6CHoNuA0BvMAf9eb.png]
[framerusercontent.com/images/CQ7oOaDooqaGLfgjOS1z0Te6xk9637.png]
[framerusercontent.com/images/nlIXvSoO5XN7NmKZiGKTYjfsEkE8f78.png]
[framerusercontent.com/images/gjGRt6UZYOeRAsE2BUvRCUeKbXY8565.png]
[framerusercontent.com/images/DM4BPsXnfFLNGpsP2ggO1JHaDOse2d3.png]
[framerusercontent.com/images/ch140TA0XSBuUD6mE5FiQyqNqEd91c.png]
[framerusercontent.com/images/pyXPjkKJPiluqBgpfvMFoX8xjbw3c54.jpg]
[framerusercontent.com/images/EkyMFlIqCTdjajcE3fWZiQa7d9.jpg]
[framerusercontent.com/images/8STWnOxH8UeYC3ziTFIBe4OBod0e4.jpg]
[framerusercontent.com/images/psUe3l1BAhNKmhpOJobMWLER2jQ3b7b.jpg]
[framerusercontent.com/images/ZoDTt5So8IOQZPQhTQUPaCotpNMdc33.jpg]
[framerusercontent.com/images/9Eqg7W1OtJvjejmzXeO2IqD5aQ74a9.png]
[framerusercontent.com/images/wlY34QGBuQDjiDX4ez3cZcs6qmUc54b.png]
[framerusercontent.com/images/ZWM3g4MbI64PDLetsp6nGf7YvKg0241.png]
[framerusercontent.com/images/lpGLZiv2IC4OlBEJgArWfmwmKps8cd0.png]
[framerusercontent.com/images/sdnR4kvujhkYQlEQCKOwsendfsd909.png]
[framerusercontent.com/images/IEMrdfP1NkhyjNhLjC3pW3dwPSUe22c.png]
[framerusercontent.com/images/SA30GresKm8OWkMnp4yKuJ1PWLs2278.png]
[framerusercontent.com/images/lgx2pdCCsxTEqnonnUFnMeYd1UIb3bd.png]
[framerusercontent.com/images/CTaNryaOg4WqfmbLZhGwO8jZsaf89.png]
[framerusercontent.com/images/e1IYK5EAVuCY2FVtQO0wI4O3R4e029.png]
[framerusercontent.com/images/gJOUUqc3r8YStmFmrjmTnROUpIU8100.png]
[framerusercontent.com/images/89y1pnOF68neOFq4fzkAeohZf870e0.png]
[framerusercontent.com/images/tmL8wTCwzpt31fmVQm83grjiJQ5d48.png]
[framerusercontent.com/images/YF318ivMAbwZU0TAU2aHnWfUZM1d75.png]
[framerusercontent.com/images/M1A9UAjuOQ6BCsTJcU9ll2yyI0c15.png]
[framerusercontent.com/images/mAx0zc5D0ztnjGSyAcxQJkNyjy48f62.png]
[framerusercontent.com/images/EljHkJAGzxZP09LbKDEBKGp9zc9292.png]
[framerusercontent.com/images/DbYRsAP2maP8sisXa4yTKqJ8dIM2977.png]
[framerusercontent.com/images/vJ2TFlGQ03Qo39IReslQUOdTVGI13d5.png]
[framerusercontent.com/images/7GjxAJ2QZLnZeOn3DfdGnMJ5u8dff8.png]
[framerusercontent.com/images/eACjWDvKUaVIxd3hrqb5tIh6fno1b82.png]
[framerusercontent.com/images/2z1GW2cg1JNPI4mdS3fCZmEb19b.png]
[framerusercontent.com/images/sWX8Bj6XywDzUgoSyisC7x2KZc5626.png]
[framerusercontent.com/images/PNJjhlbw2mbCEj3xGspzkAcubiAb7fc.png]
[framerusercontent.com/images/c9bYPKCefiVtj6LbDlRoS3FdHA3d06.png]
[framerusercontent.com/images/cDnFzmRMNwq9cwPKdX1jgFZvQ4881.png]
[framerusercontent.com/images/xrVaaiqNbFTG4WFmJeLvGQeRbX00e6a.png]
[framerusercontent.com/images/rZvhwiNUv1XXlVatfFpYoziOha44da1.png]
[framerusercontent.com/images/4yLQ4zWaD3mMa5B522E7dWMprs6884.png]
[framerusercontent.com/images/t80O9ne70mQwoAOvL5dpXXbFSIM849f.png]
[framerusercontent.com/images/mzLQTv0Vk9Wvuz0nRirxfh431I9c86.png]
[framerusercontent.com/images/k5JoxYNtQLeHHiOK3oV6bfDDVz8fe0f.png]
[framerusercontent.com/images/7o5Taz7MstyOjjIHmbRJYXuj16Qca78.png]
[framerusercontent.com/images/pPsuwJLPujXyLjQpnTNZ5Io5RMb3f5.png]
[framerusercontent.com/images/2daJyt7wPXAdssbS2oxHzkFHwd93c.png]
[framerusercontent.com/images/r1dGvZENJ3DxotsbxGev3hjMFs34fd.png]
[framerusercontent.com/images/Kt3CXYjf11ATtrOXW4GPocLxtL49aab.png]
[framerusercontent.com/images/Prk4AVc4Iquf6VLBCsENi2KiGI295c.png]
[framerusercontent.com/images/rF0RDGcLHTyO63Qwv6J4AgjVlXQb7c6.png]
[framerusercontent.com/images/VtkTZQXvnYHLrrx4Toj4RHplS2Ydf45.png]
[framerusercontent.com/images/v45OpsTmWvpsM4SyiP7EFmijro88e9.jpg]
[framerusercontent.com/images/ya0JWi8FRtO5cFHrkxJZWmhqyge913.jpg]
[framerusercontent.com/images/3rQtt0g67aix4Lec9NeCo0Jr0PYdba0.jpg]
[framerusercontent.com/images/JPtS5ai6al9gAiYdIecVYTM75xw0461.jpg]
[framerusercontent.com/images/AKuWGMLCuhc5UfHl7RhGjESojOs2dbd.jpg]
[framerusercontent.com/images/vFyMHQ9EJlVic4HpH9AtMR2F01cb7.png]
[framerusercontent.com/images/xgbHHdtyve2ILWdu8GlnjTk7Uhc4719.png]
[framerusercontent.com/images/uEQncdddYpjOnNNWW0FRMMayQpUafb1.png]
[framerusercontent.com/images/Pnsegx1rFTk0kd5jOknPwPORj0c2a1b.png]
[framerusercontent.com/images/9goAYkMDPFklVGvAUrpgPyxU8bw5866.png]
[framerusercontent.com/images/fhehHm1rOFBR8iwoeXk18rnu0215d.png]
[framerusercontent.com/images/jctuuG9aoFttHQwIpaKJelVzkgfae3.png]
[framerusercontent.com/images/naWnV91PtEzn6VG3vv2K2RBFM17da.png]
[framerusercontent.com/images/MtjgfZPmEhAzP8ZqM20uubZVSB892f5.png]
[framerusercontent.com/images/dnzb5Rkt2PMz4bo2IM31vwWEQhQ54b1.png]
[framerusercontent.com/images/7UkfTlwDI6hSh9lGpS92uNIZK1o624e.png]
[framerusercontent.com/images/259s5BGJJU6bmN8unnXAiMyfM1549.png]
[framerusercontent.com/images/PEozKhvrXyJsphpbp98hmFprTu40ff7.png]
[framerusercontent.com/images/Ra9Kdwo1Wkxkh0lgdbFPMEToTo1699.png]
[framerusercontent.com/images/rU53yRjVSG4hHkY5fsZdSGwd7uE220a.png]
[framerusercontent.com/images/o9uYTDEOgLUSso5iuDzPP6DqEU1e45.png]
[framerusercontent.com/images/NnRFfXf0h5j9jsDkuRi0tdF49o37b6.png]
[framerusercontent.com/images/G9QjAd9C26DIrreyvhDj6RVzzBU2380.png]
[framerusercontent.com/images/kFVkiutHYvRuL7ymXmbTNWbE8220f.png]
[framerusercontent.com/images/VCrNZlIbD25k5o6EYY9ZgRhrPr42db2.png]
[framerusercontent.com/images/dwx2f0o0HqmpMFsYFDvT0j5qg7966.png]
[framerusercontent.com/images/L15fCmGl8D4MtbSRMWNT1WA891ff.png]
[framerusercontent.com/images/8mqWr3Vwe6IG5Vrb9DekZke55Lgc971.png]
[framerusercontent.com/images/FZTS6Bz9u4ihWPkt0S5T9kGagEs59ff.png]
[framerusercontent.com/images/gtqaU9nBK2KNRBWvTEVYJu4bpQ8628.png]
[framerusercontent.com/images/AT4LbYAwxjzFuoiQpLF9jDrBgc870.png]
[framerusercontent.com/images/j9qUSqB3TsHewakECEurc1lJk294c.png]
[framerusercontent.com/images/qnctN4DHToQviZmEZCZofFRIf46e7b.png]
[framerusercontent.com/images/hn1ZdDWWBwSefL24IUtuSufksq80b36.png]
[framerusercontent.com/images/iGbSr7EBi0X0B3dIJIIJmLViA19cb.png]
[framerusercontent.com/images/HSD6Pq3COIvTBnpYCNIXEWz0yk3514.png]
[framerusercontent.com/images/2AB3UDDYToKjvUqNnYPwV1KF0Xo4dfc.png]
[framerusercontent.com/images/5LlGH2yUfcVOQy7ywLRIzmnBbPQ8821.png]
[framerusercontent.com/images/mJtlW7MSL6G2a8jiLIlmSxmNnQIe803.png]
[framerusercontent.com/images/baMxJ9ll3YwpNi9iIG9FT7jP2E46eb1.png]
[framerusercontent.com/images/87htrYy5GVhCPMDkSC6bOUrYa388.png]
[framerusercontent.com/images/faalKwj1JX2qpGcvoTMwVknEkQ8113.png]
[framerusercontent.com/images/f1cEkH3xwOUXuJG5YQwAuySiHId36f.png]
[framerusercontent.com/images/sYuYk8JNxAP5z0gqFZdofBzxJYdb1f.png]
[framerusercontent.com/images/QUQOC2OpA0Hz0XGs9iKN42shzPId06c.png]
[framerusercontent.com/images/7gfUUoKEq8e3B3pbe4RppFyGaM5ca1.png]
[framerusercontent.com/images/aVX6wLApRA1zlbRcXKPEFo48k2ad1.png]
[framerusercontent.com/images/jVX8blB8NQmfQjqqFgNFlmJ3IG87c6d.png]
[framerusercontent.com/images/a1f5FPnqaWMBn9YnG1k6tFJg62Y74f4.png]
[framerusercontent.com/images/w52yVC26b4VbQjtxQ7CJ3VbQEgU3056.png]
[framerusercontent.com/images/MXUiU31IfcIhQl0YlSHK94KEfsf8f7.png]
[framerusercontent.com/images/Jdrf6WHOAs4dzjEfQyVTux1CbxY3b25.png]
[framerusercontent.com/images/QlKFhxFOxxJ5F5uKReKPa50kYE6f93.png]
[framerusercontent.com/images/j8CQ5yL9B2m0QrPgDb8I2usgb5ec.png]
[framerusercontent.com/images/Z8dSGqSXqZGpCvXDEwbJBJ3qNGk7fee.png]
[framerusercontent.com/images/fZZ7xTEqh3Wfp6j3lMG0hW4ys3c77.jpg]
[framerusercontent.com/images/rLOMfc48P1DBix6qYiZOcNnS01wea0c.png]
[framerusercontent.com/images/WOJJo4D9kisPuwDedxReZLpqWA7484.png]
[framerusercontent.com/images/xGmQXB9sVr9KXpKYVzGqJmEl6E2b9c.png]
[framerusercontent.com/images/oPHKlUaByljzpckbjyW2l9uvvaw9b22.png]
[framerusercontent.com/images/DOUMW44NLrWfoh15NcJEmEHlfG800bf.png]
[framerusercontent.com/images/NCBOqEtu3wdIEC8P6E3APB2DLUfb5b.png]
[framerusercontent.com/images/QCGN3U9vQtbcmVm93CocOgO8OcM5a10.png]
[framerusercontent.com/images/52XdEWszUPXCVcLESnkOixcs692e.png]
[framerusercontent.com/images/LkJ70XgiJwebkI0WDQczHAHsZYd47e.png]
[framerusercontent.com/images/xUD0crBIfUTTIUPBdZYDwIXQoe0e6c5.png]
[framerusercontent.com/images/bUOErf5o02DW5ApedGx2ivF8R7g4d51.png]
[framerusercontent.com/images/iCOwIegyJvC0OVXYdGVDM9BwcFYfceb.png]
[framerusercontent.com/images/PAoBTiIS6kQ1SbiZJSKdvo9RU2w579b.png]
[framerusercontent.com/images/qoczH0IddcFfcB4biMdk7QVBoPkf3c0.png]
[framerusercontent.com/images/utdbq1gqMHIVEmo2aTWxDrbCJQ7bfc.png]
[framerusercontent.com/images/Vqovh9fuBwa9ZpSB9cQkP1JQ5G03253.png]
[framerusercontent.com/images/fedqwXuy4ZAeiel9Ia333EwJc7e23.png]
[framerusercontent.com/images/wf57BSRoGIEHh4vzv6DUOlBrUL80542.png]
[framerusercontent.com/images/8qFrFKlzJeYmDCVjRM5ZFfGI44926.png]
[framerusercontent.com/images/Zdru22ycj4uICTBJzCCHpqR5Aa0d7.png]
[framerusercontent.com/images/iXP6UkAeAgBiiqopzy3rz5lijQ1d69.png]
[framerusercontent.com/images/iHDRELVrfP6C9yfUJzIemE35A809da.png]
[framerusercontent.com/images/RNdU4dsITiBcEkLsunZonB3Ziigdcb4.png]
[framerusercontent.com/images/PLZ34c79uBYtTx1bPVw2tOqxao30e1.jpg]
[framerusercontent.com/images/PFNsbESOp77jFXiw1jTj8zD2Q409c.jpg]
[framerusercontent.com/images/ZM2BPAiNQLLZ1HUUxXUMDJ3wc662b.jpg]
[framerusercontent.com/images/DUhPj6YLr4dZPKXnvd8mohQjcE4343.jpg]
[framerusercontent.com/images/6HrpdJQvUa6vSA9GMT8mxIBiodf13.png]
[framerusercontent.com/images/3dnTcGSO94aPPjuAuIVSbSJWk7E3f8f.png]
[framerusercontent.com/images/FXmOi2l7sAfSbDAqLTCmhMjrZJ4bf43.png]
[framerusercontent.com/images/u1PxM7oBHiwMgiG0SXDZN1yCds89849.png]
[framerusercontent.com/images/CQ7oOaDooqaGLfgjOS1z0Te6xk54d3.png]
[framerusercontent.com/images/nlIXvSoO5XN7NmKZiGKTYjfsEkE795e.png]
[framerusercontent.com/images/gjGRt6UZYOeRAsE2BUvRCUeKbXYd513.png]
[framerusercontent.com/images/DM4BPsXnfFLNGpsP2ggO1JHaDOs18d0.png]
[framerusercontent.com/images/ch140TA0XSBuUD6mE5FiQyqNqE3187.png]
[framerusercontent.com/images/pyXPjkKJPiluqBgpfvMFoX8xjbwc4e0.jpg]
[framerusercontent.com/images/EkyMFlIqCTdjajcE3fWZiQ6185.jpg]
[framerusercontent.com/images/8STWnOxH8UeYC3ziTFIBe4OBob5e7.jpg]
[framerusercontent.com/images/psUe3l1BAhNKmhpOJobMWLER2jQ3f0e.jpg]
[framerusercontent.com/images/ZoDTt5So8IOQZPQhTQUPaCotpNM7ead.jpg]
[www.materiavita.com/material.html]
[framerusercontent.com/images/zRjWsFAZBm1KBP2NL43TEQJpYgsb386.png]
[framerusercontent.com/images/MLDkGuswTpAqicy1JWgaW5j39fY8c38.jpg]
[framerusercontent.com/images/0YVN46D3t0TmyQWFXvuR48OKuId3df.jpg]
[framerusercontent.com/images/3Hepno3ANA3DqJOvA6I54XTT0E0718.png]
[framerusercontent.com/images/aM9f5rnF74xh1k7bW2GScx5hC1U5be1.jpg]
[framerusercontent.com/images/dmnB8l1EdRSkyDIWesv6UVagEYbf71.jpg]
[framerusercontent.com/images/zP3yLHdczT3PA4MpXPmUNDuod3df.jpg]
[framerusercontent.com/images/tsMpPRGg988R9nEHOAAAtkEdeyQ8c38.jpg]
[framerusercontent.com/images/EOUEDkjAXUFX1favuztfirUf7sM6955.jpg]
[framerusercontent.com/images/YDYjrMGzpbuzkN2KqZHkgSQGvkbf71.jpg]
[framerusercontent.com/images/xzivWVMyQxgfbu8rpHBKvPHliTAd3df.jpg]
[framerusercontent.com/images/ZzqkofRjXgYSd1c6AUnaNPgw6955.jpg]
[framerusercontent.com/images/nKjjcvPLPDNvZUVwFxnz8QY5hVw6955.jpg]
[framerusercontent.com/images/sACLIM3NVvwOr4chFiiar5vuo8c38.jpg]
[framerusercontent.com/images/jkYQgW8OctbS4JWFbLw7hEux9b8eadf.png]
[framerusercontent.com/images/Z4awkS5mFODKocviix2fl3jKhFcbf71.jpg]
[framerusercontent.com/images/zdKrd1cIIzehsBdgGkENGTULc8c38.jpg]
[framerusercontent.com/images/EZquNqPvIezAmpqumfu8v3He3h8bf71.jpg]
[framerusercontent.com/images/3Su978A4nBoP2aKg4oFQSGDcY1Md3df.jpg]
[framerusercontent.com/images/Z4nel9IhjISdDhiLV95x1AeT820e6.png]
[framerusercontent.com/images/qkabJeb90A0NRpFTgTwKeqOaa0k8c38.png]
[framerusercontent.com/images/ulej0mo3rpH7skxuBQwuXThbQ8c38.jpg]
[framerusercontent.com/images/l732kgtckWRxjBgB8Nc5fE5UEJsd3df.jpg]
[framerusercontent.com/images/MLDkGuswTpAqicy1JWgaW5j39fYbc7a.jpg]
[framerusercontent.com/images/0YVN46D3t0TmyQWFXvuR48OKuI50b5.jpg]
[framerusercontent.com/images/dmnB8l1EdRSkyDIWesv6UVagEY43b8.jpg]
[framerusercontent.com/images/KIQR0QjEvqZ5v8681KcW5voIsNI401c.jpg]
[framerusercontent.com/images/zP3yLHdczT3PA4MpXPmUNDuoef0c.jpg]
[framerusercontent.com/images/tsMpPRGg988R9nEHOAAAtkEdeyQaa49.jpg]
[framerusercontent.com/images/EOUEDkjAXUFX1favuztfirUf7sMe5d8.jpg]
[framerusercontent.com/images/HiVgznl1BLIx29FxvmOBfl5Yh82d0c.jpg]
[framerusercontent.com/images/YDYjrMGzpbuzkN2KqZHkgSQGvk7b57.jpg]
[framerusercontent.com/images/xzivWVMyQxgfbu8rpHBKvPHliTA8a71.jpg]
[framerusercontent.com/images/ZzqkofRjXgYSd1c6AUnaNPgwc071.jpg]
[framerusercontent.com/images/nKjjcvPLPDNvZUVwFxnz8QY5hVw82e8.jpg]
[framerusercontent.com/images/wVvEWSZiASdgQVFNPSlbaGYjUdb1b.png]
[framerusercontent.com/images/sACLIM3NVvwOr4chFiiar5vuo3a29.jpg]
[framerusercontent.com/images/jkYQgW8OctbS4JWFbLw7hEux9b8a110.png]
[framerusercontent.com/images/Z4awkS5mFODKocviix2fl3jKhFcd819.jpg]
[framerusercontent.com/images/zdKrd1cIIzehsBdgGkENGTULccef3.jpg]
[framerusercontent.com/images/EZquNqPvIezAmpqumfu8v3He3h8da91.jpg]
[framerusercontent.com/images/3Su978A4nBoP2aKg4oFQSGDcY1M9ece.jpg]
[framerusercontent.com/images/OR1NoHO4XQ8nALyX6iB2h5Htz1A88c6.jpg]
[framerusercontent.com/images/Z4nel9IhjISdDhiLV95x1AeT8f508.png]
[framerusercontent.com/images/ulej0mo3rpH7skxuBQwuXThbQ4299.jpg]
[framerusercontent.com/images/BIOmHIiCVCpFA0yBttmidNEBhoQ707e.jpg]
[framerusercontent.com/images/qk3RKVRUBLF1VaEfU0Br0bVrmw08a4.jpg]
[framerusercontent.com/images/l732kgtckWRxjBgB8Nc5fE5UEJs8b56.jpg]
[www.materiavita.com/makers.html]
[framerusercontent.com/images/DsR75XS0a677A9nMefqebu0VF0b3b2.png]
[framerusercontent.com/images/ivERhiU7dUoCfmvJft6KUAjoMwf8f4.png]
[www.materiavita.com/contact.html]
[www.materiavita.com/projects/four-seasons-hotel-resortâdoha-qatar.html]
[www.materiavita.com/projects/rumiâs-kitchen-colony-square-atlanta-usa.html]
[www.materiavita.com/projects/sesamo-restaurant-the-royal-mansour-marrakech-hotel-morocco.html]
[www.materiavita.com/projects/panerai-firenze-italy.html]
[framerusercontent.com/images/2441dkPJoqRGSvrZVzYTkap4eUI5efb.jpg]
[framerusercontent.com/images/tyAnS78NijY5hN7qojmePOfMpYkc815.jpg]
[framerusercontent.com/images/2441dkPJoqRGSvrZVzYTkap4eUI3fef.jpg]
[framerusercontent.com/images/tyAnS78NijY5hN7qojmePOfMpYk92aa.jpg]
[www.materiavita.com/projects/contemporary-and-eclectic.html]
[www.materiavita.com/projects/os-house.html]
[framerusercontent.com/images/tttyeHw32wzcd6La2VMJe2Jc8Ccfaff.jpg]
[framerusercontent.com/images/VWwcmNrknMsOQaGpIMtF4wObPy898cd.jpg]
[framerusercontent.com/images/tttyeHw32wzcd6La2VMJe2Jc8Cce73a.jpg]
[framerusercontent.com/images/VWwcmNrknMsOQaGpIMtF4wObPy838fa.jpg]
[www.materiavita.com/projects/hotel-six-senses-rome.html]
[framerusercontent.com/images/HHfu7Xf63LkGEaMaAFzTCkYFu9Qd7ab.jpg]
[framerusercontent.com/images/aHnw1f72ZC2P8vhJ51WVEEOIj08079.jpg]
[framerusercontent.com/images/HHfu7Xf63LkGEaMaAFzTCkYFu9Qa30e.jpg]
[framerusercontent.com/images/aHnw1f72ZC2P8vhJ51WVEEOIj08658.jpg]
[www.materiavita.com/projects/masami.html]
[framerusercontent.com/images/E6MLYdEINjmDEqbGounPe3lFUQ75d1.png]
[framerusercontent.com/images/xwmk9fzWcViTUGjvBuUufb7rZE75d1.png]
[framerusercontent.com/images/E6MLYdEINjmDEqbGounPe3lFUQe162.png]
[framerusercontent.com/images/xwmk9fzWcViTUGjvBuUufb7rZE04b1.png]
[www.materiavita.com/projects/wall-covering.html]
[framerusercontent.com/images/6jK6guNhgcc3amBcDM4GGaIkRHM8079.png]
[framerusercontent.com/images/UZw8kwuG6JBAD2tRyWWK8b5fw0258.jpg]
[framerusercontent.com/images/6jK6guNhgcc3amBcDM4GGaIkRHMab46.png]
[framerusercontent.com/images/UZw8kwuG6JBAD2tRyWWK8b5fw6d2a.jpg]
[www.materiavita.com/projects/pieropan-soave.html]
